../bsp/ds1307.c:28:9:ds1307_init	16	static
../bsp/ds1307.c:48:6:ds1307_set_current_time	24	static
../bsp/ds1307.c:73:6:ds1307_get_current_time	24	static
../bsp/ds1307.c:103:6:ds1307_set_current_date	16	static
../bsp/ds1307.c:112:6:ds1307_get_current_date	24	static
../bsp/ds1307.c:129:13:ds1307_i2c_pin_config	32	static
../bsp/ds1307.c:160:13:ds1307_i2c_config	8	static
../bsp/ds1307.c:170:13:ds1307_write	32	static
../bsp/ds1307.c:178:16:ds1307_read	32	static
../bsp/ds1307.c:188:16:binary_to_bcd	24	static
../bsp/ds1307.c:204:16:bcd_to_binary	24	static
