../drivers/Src/stm32fxx_usart_driver.c:27:6:USART_SetBaudRate	40	static
../drivers/Src/stm32fxx_usart_driver.c:111:6:USART_Init	24	static
../drivers/Src/stm32fxx_usart_driver.c:218:6:USART_PeriClockControl	16	static
../drivers/Src/stm32fxx_usart_driver.c:290:6:USART_PeripheralControl	16	static
../drivers/Src/stm32fxx_usart_driver.c:303:6:USART_DeInit	16	static
../drivers/Src/stm32fxx_usart_driver.c:337:9:USART_GetFlagStatus	16	static
../drivers/Src/stm32fxx_usart_driver.c:363:6:USART_SendData	32	static
../drivers/Src/stm32fxx_usart_driver.c:425:6:USART_ReceiveData	32	static
../drivers/Src/stm32fxx_usart_driver.c:502:9:USART_SendDataIT	32	static
../drivers/Src/stm32fxx_usart_driver.c:541:9:USART_ReceiveDataIT	32	static
../drivers/Src/stm32fxx_usart_driver.c:567:6:USART_ClearFlag	16	static
../drivers/Src/stm32fxx_usart_driver.c:572:6:USART_IRQInterruptConfig	16	static
../drivers/Src/stm32fxx_usart_driver.c:617:6:USART_IRQPriorityConfig	24	static
../drivers/Src/stm32fxx_usart_driver.c:647:6:USART_IRQHandling	40	static
../drivers/Src/stm32fxx_usart_driver.c:977:13:USART_ApplicationEventCallback	16	static
